<?xml version="1.0" encoding="utf-8"?><testsuites><testsuite name="pytest" errors="0" failures="0" skipped="0" tests="3" time="57.341" timestamp="2023-05-15T11:41:08.809694" hostname="INLT1629"><testcase classname="PythonSelfFramework.tests.test_endtoend" name="test_e2e" time="20.796" /><testcase classname="PythonSelfFramework.tests.test_homepage" name="test_formsubmision[get_variables0]" time="6.502" /><testcase classname="PythonSelfFramework.tests.test_homepage" name="test_formsubmision[get_variables1]" time="6.021" /></testsuite></testsuites>